0 verbose cli /usr/local/bin/node /usr/local/bin/npm
1 info using npm@10.9.3
2 info using node@v22.19.0
3 silly config load:file:/usr/local/lib/node_modules/npm/npmrc
4 silly config load:file:/Users/joerey/joerey-site/.npmrc
5 silly config load:file:/Users/joerey/.npmrc
6 silly config load:file:/usr/local/etc/npmrc
7 verbose title npm install
8 verbose argv "install" "--cache" "./.npm_cache"
9 verbose logfile logs-max:10 dir:/Users/joerey/joerey-site/.npm_cache/_logs/2026-04-20T10_05_21_357Z-
10 verbose logfile /Users/joerey/joerey-site/.npm_cache/_logs/2026-04-20T10_05_21_357Z-debug-0.log
11 silly logfile done cleaning log files
12 silly packumentCache heap:4345298944 maxSize:1086324736 maxEntrySize:543162368
13 silly idealTree buildDeps
14 silly fetch manifest tailwindcss@4.0.0
15 silly packumentCache full:https://registry.npmjs.org/tailwindcss cache-miss
16 http fetch GET 200 https://registry.npmjs.org/npm 356ms
17 http fetch GET 200 https://registry.npmjs.org/tailwindcss 350ms (cache miss)
18 silly packumentCache full:https://registry.npmjs.org/tailwindcss set size:undefined disposed:false
19 silly placeDep ROOT tailwindcss@4.0.0 REPLACE for: joerey-site@0.1.0 want: 4.0.0
20 silly reify mark retired [ '/Users/joerey/joerey-site/node_modules/any-promise' ]
21 silly reify mark retired [ '/Users/joerey/joerey-site/node_modules/anymatch' ]
22 silly reify mark retired [ '/Users/joerey/joerey-site/node_modules/arg' ]
23 silly reify mark retired [ '/Users/joerey/joerey-site/node_modules/binary-extensions' ]
24 silly reify mark retired [ '/Users/joerey/joerey-site/node_modules/camelcase-css' ]
25 silly reify mark retired [ '/Users/joerey/joerey-site/node_modules/chokidar' ]
26 silly reify mark retired [ '/Users/joerey/joerey-site/node_modules/commander' ]
27 silly reify mark retired [
27 silly reify   '/Users/joerey/joerey-site/node_modules/cssesc',
27 silly reify   '/Users/joerey/joerey-site/node_modules/.bin/cssesc'
27 silly reify ]
28 silly reify mark retired [ '/Users/joerey/joerey-site/node_modules/didyoumean' ]
29 silly reify mark retired [ '/Users/joerey/joerey-site/node_modules/dlv' ]
30 silly reify mark retired [ '/Users/joerey/joerey-site/node_modules/fsevents' ]
31 silly reify mark retired [ '/Users/joerey/joerey-site/node_modules/is-binary-path' ]
32 silly reify mark retired [ '/Users/joerey/joerey-site/node_modules/lilconfig' ]
33 silly reify mark retired [ '/Users/joerey/joerey-site/node_modules/lines-and-columns' ]
34 silly reify mark retired [ '/Users/joerey/joerey-site/node_modules/mz' ]
35 silly reify mark retired [ '/Users/joerey/joerey-site/node_modules/normalize-path' ]
36 silly reify mark retired [ '/Users/joerey/joerey-site/node_modules/object-hash' ]
37 silly reify mark retired [ '/Users/joerey/joerey-site/node_modules/pify' ]
38 silly reify mark retired [ '/Users/joerey/joerey-site/node_modules/pirates' ]
39 silly reify mark retired [ '/Users/joerey/joerey-site/node_modules/postcss-import' ]
40 silly reify mark retired [ '/Users/joerey/joerey-site/node_modules/postcss-js' ]
41 silly reify mark retired [ '/Users/joerey/joerey-site/node_modules/postcss-load-config' ]
42 silly reify mark retired [ '/Users/joerey/joerey-site/node_modules/postcss-nested' ]
43 silly reify mark retired [ '/Users/joerey/joerey-site/node_modules/postcss-selector-parser' ]
44 silly reify mark retired [ '/Users/joerey/joerey-site/node_modules/read-cache' ]
45 silly reify mark retired [ '/Users/joerey/joerey-site/node_modules/readdirp' ]
46 silly reify mark retired [
46 silly reify   '/Users/joerey/joerey-site/node_modules/sucrase',
46 silly reify   '/Users/joerey/joerey-site/node_modules/.bin/sucrase',
46 silly reify   '/Users/joerey/joerey-site/node_modules/.bin/sucrase-node'
46 silly reify ]
47 silly reify mark retired [
47 silly reify   '/Users/joerey/joerey-site/node_modules/tailwindcss',
47 silly reify   '/Users/joerey/joerey-site/node_modules/.bin/tailwind',
47 silly reify   '/Users/joerey/joerey-site/node_modules/.bin/tailwindcss'
47 silly reify ]
48 silly reify mark retired [ '/Users/joerey/joerey-site/node_modules/thenify' ]
49 silly reify mark retired [ '/Users/joerey/joerey-site/node_modules/thenify-all' ]
50 silly reify mark retired [ '/Users/joerey/joerey-site/node_modules/ts-interface-checker' ]
51 silly reify mark retired [ '/Users/joerey/joerey-site/node_modules/util-deprecate' ]
52 silly reify moves {
52 silly reify   '/Users/joerey/joerey-site/node_modules/any-promise': '/Users/joerey/joerey-site/node_modules/.any-promise-PHZ8W1Xv',
52 silly reify   '/Users/joerey/joerey-site/node_modules/anymatch': '/Users/joerey/joerey-site/node_modules/.anymatch-RYFBnpHY',
52 silly reify   '/Users/joerey/joerey-site/node_modules/arg': '/Users/joerey/joerey-site/node_modules/.arg-Vyse1LQp',
52 silly reify   '/Users/joerey/joerey-site/node_modules/binary-extensions': '/Users/joerey/joerey-site/node_modules/.binary-extensions-on9Jr2Aj',
52 silly reify   '/Users/joerey/joerey-site/node_modules/camelcase-css': '/Users/joerey/joerey-site/node_modules/.camelcase-css-aAWZvXgD',
52 silly reify   '/Users/joerey/joerey-site/node_modules/chokidar': '/Users/joerey/joerey-site/node_modules/.chokidar-ksFLWfmN',
52 silly reify   '/Users/joerey/joerey-site/node_modules/commander': '/Users/joerey/joerey-site/node_modules/.commander-lQ0590Dy',
52 silly reify   '/Users/joerey/joerey-site/node_modules/cssesc': '/Users/joerey/joerey-site/node_modules/.cssesc-Rrk62ObH',
52 silly reify   '/Users/joerey/joerey-site/node_modules/.bin/cssesc': '/Users/joerey/joerey-site/node_modules/.bin/.cssesc-IRwaLKq2',
52 silly reify   '/Users/joerey/joerey-site/node_modules/didyoumean': '/Users/joerey/joerey-site/node_modules/.didyoumean-sAIghLCk',
52 silly reify   '/Users/joerey/joerey-site/node_modules/dlv': '/Users/joerey/joerey-site/node_modules/.dlv-V5HHrSGZ',
52 silly reify   '/Users/joerey/joerey-site/node_modules/fsevents': '/Users/joerey/joerey-site/node_modules/.fsevents-8SzWAkiM',
52 silly reify   '/Users/joerey/joerey-site/node_modules/is-binary-path': '/Users/joerey/joerey-site/node_modules/.is-binary-path-bG3aEkq0',
52 silly reify   '/Users/joerey/joerey-site/node_modules/lilconfig': '/Users/joerey/joerey-site/node_modules/.lilconfig-q5Pbh91i',
52 silly reify   '/Users/joerey/joerey-site/node_modules/lines-and-columns': '/Users/joerey/joerey-site/node_modules/.lines-and-columns-UxFYHc9Q',
52 silly reify   '/Users/joerey/joerey-site/node_modules/mz': '/Users/joerey/joerey-site/node_modules/.mz-GFFVZffg',
52 silly reify   '/Users/joerey/joerey-site/node_modules/normalize-path': '/Users/joerey/joerey-site/node_modules/.normalize-path-zZIqzJHM',
52 silly reify   '/Users/joerey/joerey-site/node_modules/object-hash': '/Users/joerey/joerey-site/node_modules/.object-hash-Say0ZtKL',
52 silly reify   '/Users/joerey/joerey-site/node_modules/pify': '/Users/joerey/joerey-site/node_modules/.pify-vO7JSo5W',
52 silly reify   '/Users/joerey/joerey-site/node_modules/pirates': '/Users/joerey/joerey-site/node_modules/.pirates-KiyDPfTa',
52 silly reify   '/Users/joerey/joerey-site/node_modules/postcss-import': '/Users/joerey/joerey-site/node_modules/.postcss-import-5Duy9Ggz',
52 silly reify   '/Users/joerey/joerey-site/node_modules/postcss-js': '/Users/joerey/joerey-site/node_modules/.postcss-js-WaJAqqra',
52 silly reify   '/Users/joerey/joerey-site/node_modules/postcss-load-config': '/Users/joerey/joerey-site/node_modules/.postcss-load-config-44cZSOw4',
52 silly reify   '/Users/joerey/joerey-site/node_modules/postcss-nested': '/Users/joerey/joerey-site/node_modules/.postcss-nested-YUmqZwX8',
52 silly reify   '/Users/joerey/joerey-site/node_modules/postcss-selector-parser': '/Users/joerey/joerey-site/node_modules/.postcss-selector-parser-dm4dl5Bo',
52 silly reify   '/Users/joerey/joerey-site/node_modules/read-cache': '/Users/joerey/joerey-site/node_modules/.read-cache-9sthxow4',
52 silly reify   '/Users/joerey/joerey-site/node_modules/readdirp': '/Users/joerey/joerey-site/node_modules/.readdirp-y352rX4W',
52 silly reify   '/Users/joerey/joerey-site/node_modules/sucrase': '/Users/joerey/joerey-site/node_modules/.sucrase-BOg2Mja4',
52 silly reify   '/Users/joerey/joerey-site/node_modules/.bin/sucrase': '/Users/joerey/joerey-site/node_modules/.bin/.sucrase-PdUPvNrD',
52 silly reify   '/Users/joerey/joerey-site/node_modules/.bin/sucrase-node': '/Users/joerey/joerey-site/node_modules/.bin/.sucrase-node-lF0ocIC3',
52 silly reify   '/Users/joerey/joerey-site/node_modules/tailwindcss': '/Users/joerey/joerey-site/node_modules/.tailwindcss-Vgm9HI3E',
52 silly reify   '/Users/joerey/joerey-site/node_modules/.bin/tailwind': '/Users/joerey/joerey-site/node_modules/.bin/.tailwind-1nGIYdn8',
52 silly reify   '/Users/joerey/joerey-site/node_modules/.bin/tailwindcss': '/Users/joerey/joerey-site/node_modules/.bin/.tailwindcss-a1d3m3cx',
52 silly reify   '/Users/joerey/joerey-site/node_modules/thenify': '/Users/joerey/joerey-site/node_modules/.thenify-8FO7Jevn',
52 silly reify   '/Users/joerey/joerey-site/node_modules/thenify-all': '/Users/joerey/joerey-site/node_modules/.thenify-all-8COlOgJr',
52 silly reify   '/Users/joerey/joerey-site/node_modules/ts-interface-checker': '/Users/joerey/joerey-site/node_modules/.ts-interface-checker-udqNyo4B',
52 silly reify   '/Users/joerey/joerey-site/node_modules/util-deprecate': '/Users/joerey/joerey-site/node_modules/.util-deprecate-LLXOpFJO'
52 silly reify }
53 verbose reify failed optional dependency /Users/joerey/joerey-site/node_modules/@tailwindcss/oxide-wasm32-wasi
54 silly reify mark deleted [
54 silly reify   '/Users/joerey/joerey-site/node_modules/@tailwindcss/oxide-wasm32-wasi'
54 silly reify ]
55 silly audit bulk request {
55 silly audit   '@alloc/quick-lru': [ '5.2.0' ],
55 silly audit   '@emnapi/core': [ '1.10.0' ],
55 silly audit   '@emnapi/runtime': [ '1.10.0' ],
55 silly audit   '@emnapi/wasi-threads': [ '1.2.1' ],
55 silly audit   '@eslint-community/eslint-utils': [ '4.9.1' ],
55 silly audit   'eslint-visitor-keys': [ '3.4.3', '5.0.1', '4.2.1' ],
55 silly audit   '@eslint-community/regexpp': [ '4.12.2' ],
55 silly audit   '@eslint/config-array': [ '0.21.2' ],
55 silly audit   '@eslint/config-helpers': [ '0.4.2' ],
55 silly audit   '@eslint/core': [ '0.17.0' ],
55 silly audit   '@eslint/eslintrc': [ '3.3.5' ],
55 silly audit   '@eslint/js': [ '9.39.4' ],
55 silly audit   '@eslint/object-schema': [ '2.1.7' ],
55 silly audit   '@eslint/plugin-kit': [ '0.4.1' ],
55 silly audit   '@humanfs/core': [ '0.19.2' ],
55 silly audit   '@humanfs/node': [ '0.16.8' ],
55 silly audit   '@humanfs/types': [ '0.15.0' ],
55 silly audit   '@humanwhocodes/module-importer': [ '1.0.1' ],
55 silly audit   '@humanwhocodes/retry': [ '0.4.3' ],
55 silly audit   '@img/colour': [ '1.1.0' ],
55 silly audit   '@img/sharp-darwin-arm64': [ '0.34.5' ],
55 silly audit   '@img/sharp-darwin-x64': [ '0.34.5' ],
55 silly audit   '@img/sharp-libvips-darwin-arm64': [ '1.2.4' ],
55 silly audit   '@img/sharp-libvips-darwin-x64': [ '1.2.4' ],
55 silly audit   '@img/sharp-libvips-linux-arm': [ '1.2.4' ],
55 silly audit   '@img/sharp-libvips-linux-arm64': [ '1.2.4' ],
55 silly audit   '@img/sharp-libvips-linux-ppc64': [ '1.2.4' ],
55 silly audit   '@img/sharp-libvips-linux-riscv64': [ '1.2.4' ],
55 silly audit   '@img/sharp-libvips-linux-s390x': [ '1.2.4' ],
55 silly audit   '@img/sharp-libvips-linux-x64': [ '1.2.4' ],
55 silly audit   '@img/sharp-libvips-linuxmusl-arm64': [ '1.2.4' ],
55 silly audit   '@img/sharp-libvips-linuxmusl-x64': [ '1.2.4' ],
55 silly audit   '@img/sharp-linux-arm': [ '0.34.5' ],
55 silly audit   '@img/sharp-linux-arm64': [ '0.34.5' ],
55 silly audit   '@img/sharp-linux-ppc64': [ '0.34.5' ],
55 silly audit   '@img/sharp-linux-riscv64': [ '0.34.5' ],
55 silly audit   '@img/sharp-linux-s390x': [ '0.34.5' ],
55 silly audit   '@img/sharp-linux-x64': [ '0.34.5' ],
55 silly audit   '@img/sharp-linuxmusl-arm64': [ '0.34.5' ],
55 silly audit   '@img/sharp-linuxmusl-x64': [ '0.34.5' ],
55 silly audit   '@img/sharp-wasm32': [ '0.34.5' ],
55 silly audit   '@img/sharp-win32-arm64': [ '0.34.5' ],
55 silly audit   '@img/sharp-win32-ia32': [ '0.34.5' ],
55 silly audit   '@img/sharp-win32-x64': [ '0.34.5' ],
55 silly audit   '@jridgewell/gen-mapping': [ '0.3.13' ],
55 silly audit   '@jridgewell/remapping': [ '2.3.5' ],
55 silly audit   '@jridgewell/resolve-uri': [ '3.1.2' ],
55 silly audit   '@jridgewell/sourcemap-codec': [ '1.5.5' ],
55 silly audit   '@jridgewell/trace-mapping': [ '0.3.31' ],
55 silly audit   '@napi-rs/wasm-runtime': [ '0.2.12' ],
55 silly audit   '@next/env': [ '16.2.4' ],
55 silly audit   '@next/eslint-plugin-next': [ '15.5.2' ],
55 silly audit   '@next/swc-darwin-arm64': [ '16.2.4' ],
55 silly audit   '@next/swc-darwin-x64': [ '16.2.4' ],
55 silly audit   '@next/swc-linux-arm64-gnu': [ '16.2.4' ],
55 silly audit   '@next/swc-linux-arm64-musl': [ '16.2.4' ],
55 silly audit   '@next/swc-linux-x64-gnu': [ '16.2.4' ],
55 silly audit   '@next/swc-linux-x64-musl': [ '16.2.4' ],
55 silly audit   '@next/swc-win32-arm64-msvc': [ '16.2.4' ],
55 silly audit   '@next/swc-win32-x64-msvc': [ '16.2.4' ],
55 silly audit   '@nodelib/fs.scandir': [ '2.1.5' ],
55 silly audit   '@nodelib/fs.stat': [ '2.0.5' ],
55 silly audit   '@nodelib/fs.walk': [ '1.2.8' ],
55 silly audit   '@nolyfill/is-core-module': [ '1.0.39' ],
55 silly audit   '@radix-ui/primitive': [ '1.1.3' ],
55 silly audit   '@radix-ui/react-compose-refs': [ '1.1.2' ],
55 silly audit   '@radix-ui/react-context': [ '1.1.2' ],
55 silly audit   '@radix-ui/react-dialog': [ '1.1.15' ],
55 silly audit   '@radix-ui/react-slot': [ '1.2.3', '1.2.4' ],
55 silly audit   '@radix-ui/react-dismissable-layer': [ '1.1.11' ],
55 silly audit   '@radix-ui/react-focus-guards': [ '1.1.3' ],
55 silly audit   '@radix-ui/react-focus-scope': [ '1.1.7' ],
55 silly audit   '@radix-ui/react-id': [ '1.1.1' ],
55 silly audit   '@radix-ui/react-portal': [ '1.1.9' ],
55 silly audit   '@radix-ui/react-presence': [ '1.1.5' ],
55 silly audit   '@radix-ui/react-primitive': [ '2.1.3', '2.1.4' ],
55 silly audit   '@radix-ui/react-separator': [ '1.1.8' ],
55 silly audit   '@radix-ui/react-use-callback-ref': [ '1.1.1' ],
55 silly audit   '@radix-ui/react-use-controllable-state': [ '1.2.2' ],
55 silly audit   '@radix-ui/react-use-effect-event': [ '0.0.2' ],
55 silly audit   '@radix-ui/react-use-escape-keydown': [ '1.1.1' ],
55 silly audit   '@radix-ui/react-use-layout-effect': [ '1.1.1' ],
55 silly audit   '@rtsao/scc': [ '1.1.0' ],
55 silly audit   '@rushstack/eslint-patch': [ '1.16.1' ],
55 silly audit   '@swc/helpers': [ '0.5.15' ],
55 silly audit   '@tailwindcss/node': [ '4.2.2' ],
55 silly audit   jiti: [ '2.6.1', '1.21.7' ],
55 silly audit   tailwindcss: [ '4.2.2', '4.0.0' ],
55 silly audit   '@tailwindcss/oxide': [ '4.2.2' ],
55 silly audit   '@tailwindcss/oxide-android-arm64': [ '4.2.2' ],
55 silly audit   '@tailwindcss/oxide-darwin-arm64': [ '4.2.2' ],
55 silly audit   '@tailwindcss/oxide-darwin-x64': [ '4.2.2' ],
55 silly audit   '@tailwindcss/oxide-freebsd-x64': [ '4.2.2' ],
55 silly audit   '@tailwindcss/oxide-linux-arm-gnueabihf': [ '4.2.2' ],
55 silly audit   '@tailwindcss/oxide-linux-arm64-gnu': [ '4.2.2' ],
55 silly audit   '@tailwindcss/oxide-linux-arm64-musl': [ '4.2.2' ],
55 silly audit   '@tailwindcss/oxide-linux-x64-gnu': [ '4.2.2' ],
55 silly audit   '@tailwindcss/oxide-linux-x64-musl': [ '4.2.2' ],
55 silly audit   '@tailwindcss/oxide-win32-arm64-msvc': [ '4.2.2' ],
55 silly audit   '@tailwindcss/oxide-win32-x64-msvc': [ '4.2.2' ],
55 silly audit   '@tailwindcss/postcss': [ '4.2.2' ],
55 silly audit   '@tybys/wasm-util': [ '0.10.1' ],
55 silly audit   '@types/estree': [ '1.0.8' ],
55 silly audit   '@types/json-schema': [ '7.0.15' ],
55 silly audit   '@types/json5': [ '0.0.29' ],
55 silly audit   '@types/node': [ '20.19.39' ],
55 silly audit   '@types/react': [ '19.2.14' ],
55 silly audit   '@types/react-dom': [ '19.2.3' ],
55 silly audit   '@typescript-eslint/eslint-plugin': [ '8.58.2' ],
55 silly audit   ignore: [ '7.0.5', '5.3.2' ],
55 silly audit   '@typescript-eslint/parser': [ '8.58.2' ],
55 silly audit   '@typescript-eslint/project-service': [ '8.58.2' ],
55 silly audit   '@typescript-eslint/scope-manager': [ '8.58.2' ],
55 silly audit   '@typescript-eslint/tsconfig-utils': [ '8.58.2' ],
55 silly audit   '@typescript-eslint/type-utils': [ '8.58.2' ],
55 silly audit   '@typescript-eslint/types': [ '8.58.2' ],
55 silly audit   '@typescript-eslint/typescript-estree': [ '8.58.2' ],
55 silly audit   'balanced-match': [ '4.0.4', '1.0.2' ],
55 silly audit   'brace-expansion': [ '5.0.5', '1.1.14' ],
55 silly audit   minimatch: [ '10.2.5', '3.1.5' ],
55 silly audit   '@typescript-eslint/utils': [ '8.58.2' ],
55 silly audit   '@typescript-eslint/visitor-keys': [ '8.58.2' ],
55 silly audit   '@unrs/resolver-binding-android-arm-eabi': [ '1.11.1' ],
55 silly audit   '@unrs/resolver-binding-android-arm64': [ '1.11.1' ],
55 silly audit   '@unrs/resolver-binding-darwin-arm64': [ '1.11.1' ],
55 silly audit   '@unrs/resolver-binding-darwin-x64': [ '1.11.1' ],
55 silly audit   '@unrs/resolver-binding-freebsd-x64': [ '1.11.1' ],
55 silly audit   '@unrs/resolver-binding-linux-arm-gnueabihf': [ '1.11.1' ],
55 silly audit   '@unrs/resolver-binding-linux-arm-musleabihf': [ '1.11.1' ],
55 silly audit   '@unrs/resolver-binding-linux-arm64-gnu': [ '1.11.1' ],
55 silly audit   '@unrs/resolver-binding-linux-arm64-musl': [ '1.11.1' ],
55 silly audit   '@unrs/resolver-binding-linux-ppc64-gnu': [ '1.11.1' ],
55 silly audit   '@unrs/resolver-binding-linux-riscv64-gnu': [ '1.11.1' ],
55 silly audit   '@unrs/resolver-binding-linux-riscv64-musl': [ '1.11.1' ],
55 silly audit   '@unrs/resolver-binding-linux-s390x-gnu': [ '1.11.1' ],
55 silly audit   '@unrs/resolver-binding-linux-x64-gnu': [ '1.11.1' ],
55 silly audit   '@unrs/resolver-binding-linux-x64-musl': [ '1.11.1' ],
55 silly audit   '@unrs/resolver-binding-wasm32-wasi': [ '1.11.1' ],
55 silly audit   '@unrs/resolver-binding-win32-arm64-msvc': [ '1.11.1' ],
55 silly audit   '@unrs/resolver-binding-win32-ia32-msvc': [ '1.11.1' ],
55 silly audit   '@unrs/resolver-binding-win32-x64-msvc': [ '1.11.1' ],
55 silly audit   acorn: [ '8.16.0' ],
55 silly audit   'acorn-jsx': [ '5.3.2' ],
55 silly audit   ajv: [ '6.14.0' ],
55 silly audit   'ansi-styles': [ '4.3.0' ],
55 silly audit   appwrite: [ '24.2.0' ],
55 silly audit   argparse: [ '2.0.1' ],
55 silly audit   'aria-hidden': [ '1.2.6' ],
55 silly audit   'aria-query': [ '5.3.2' ],
55 silly audit   'array-buffer-byte-length': [ '1.0.2' ],
55 silly audit   'array-includes': [ '3.1.9' ],
55 silly audit   'array.prototype.findlast': [ '1.2.5' ],
55 silly audit   'array.prototype.findlastindex': [ '1.2.6' ],
55 silly audit   'array.prototype.flat': [ '1.3.3' ],
55 silly audit   'array.prototype.flatmap': [ '1.3.3' ],
55 silly audit   'array.prototype.tosorted': [ '1.1.4' ],
55 silly audit   'arraybuffer.prototype.slice': [ '1.0.4' ],
55 silly audit   'ast-types-flow': [ '0.0.8' ],
55 silly audit   'async-function': [ '1.0.0' ],
55 silly audit   autoprefixer: [ '10.5.0' ],
55 silly audit   'available-typed-arrays': [ '1.0.7' ],
55 silly audit   'axe-core': [ '4.11.3' ],
55 silly audit   'axobject-query': [ '4.1.0' ],
55 silly audit   'baseline-browser-mapping': [ '2.10.20' ],
55 silly audit   'bignumber.js': [ '9.3.1' ],
55 silly audit   braces: [ '3.0.3' ],
55 silly audit   browserslist: [ '4.28.2' ],
55 silly audit   'call-bind': [ '1.0.9' ],
55 silly audit   'call-bind-apply-helpers': [ '1.0.2' ],
55 silly audit   'call-bound': [ '1.0.4' ],
55 silly audit   callsites: [ '3.1.0' ],
55 silly audit   'caniuse-lite': [ '1.0.30001788' ],
55 silly audit   chalk: [ '4.1.2' ],
55 silly audit   'glob-parent': [ '5.1.2', '6.0.2' ],
55 silly audit   'class-variance-authority': [ '0.7.1' ],
55 silly audit   'client-only': [ '0.0.1' ],
55 silly audit   clsx: [ '2.1.1' ],
55 silly audit   'color-convert': [ '2.0.1' ],
55 silly audit   'color-name': [ '1.1.4' ],
55 silly audit   'concat-map': [ '0.0.1' ],
55 silly audit   'cross-spawn': [ '7.0.6' ],
55 silly audit   csstype: [ '3.2.3' ],
55 silly audit   'damerau-levenshtein': [ '1.0.8' ],
55 silly audit   'data-view-buffer': [ '1.0.2' ],
55 silly audit   'data-view-byte-length': [ '1.0.2' ],
55 silly audit   'data-view-byte-offset': [ '1.0.1' ],
55 silly audit   debug: [ '4.4.3', '3.2.7' ],
55 silly audit   'deep-is': [ '0.1.4' ],
55 silly audit   'define-data-property': [ '1.1.4' ],
55 silly audit   'define-properties': [ '1.2.1' ],
55 silly audit   'detect-libc': [ '2.1.2' ],
55 silly audit   'detect-node-es': [ '1.1.0' ],
55 silly audit   doctrine: [ '2.1.0' ],
55 silly audit   'dunder-proto': [ '1.0.1' ],
55 silly audit   'electron-to-chromium': [ '1.5.340' ],
55 silly audit   'emoji-regex': [ '9.2.2' ],
55 silly audit   'enhanced-resolve': [ '5.20.1' ],
55 silly audit   'es-abstract': [ '1.24.2' ],
55 silly audit   'es-define-property': [ '1.0.1' ],
55 silly audit   'es-errors': [ '1.3.0' ],
55 silly audit   'es-iterator-helpers': [ '1.3.2' ],
55 silly audit   'es-object-atoms': [ '1.1.1' ],
55 silly audit   'es-set-tostringtag': [ '2.1.0' ],
55 silly audit   'es-shim-unscopables': [ '1.1.0' ],
55 silly audit   'es-to-primitive': [ '1.3.0' ],
55 silly audit   escalade: [ '3.2.0' ],
55 silly audit   'escape-string-regexp': [ '4.0.0' ],
55 silly audit   eslint: [ '9.39.4' ],
55 silly audit   'eslint-config-next': [ '15.5.2' ],
55 silly audit   'eslint-import-resolver-node': [ '0.3.10' ],
55 silly audit   'eslint-import-resolver-typescript': [ '3.10.1' ],
55 silly audit   'eslint-module-utils': [ '2.12.1' ],
55 silly audit   'eslint-plugin-import': [ '2.32.0' ],
55 silly audit   semver: [ '6.3.1', '7.7.4' ],
55 silly audit   'eslint-plugin-jsx-a11y': [ '6.10.2' ],
55 silly audit   'eslint-plugin-react': [ '7.37.5' ],
55 silly audit   'eslint-plugin-react-hooks': [ '5.2.0' ],
55 silly audit   'eslint-scope': [ '8.4.0' ],
55 silly audit   espree: [ '10.4.0' ],
55 silly audit   esquery: [ '1.7.0' ],
55 silly audit   esrecurse: [ '4.3.0' ],
55 silly audit   estraverse: [ '5.3.0' ],
55 silly audit   esutils: [ '2.0.3' ],
55 silly audit   'fast-deep-equal': [ '3.1.3' ],
55 silly audit   'fast-glob': [ '3.3.1' ],
55 silly audit   'fast-json-stable-stringify': [ '2.1.0' ],
55 silly audit   'fast-levenshtein': [ '2.0.6' ],
55 silly audit   fastq: [ '1.20.1' ],
55 silly audit   'file-entry-cache': [ '8.0.0' ],
55 silly audit   'fill-range': [ '7.1.1' ],
55 silly audit   'find-up': [ '5.0.0' ],
55 silly audit   'flat-cache': [ '4.0.1' ],
55 silly audit   flatted: [ '3.4.2' ],
55 silly audit   'for-each': [ '0.3.5' ],
55 silly audit   'fraction.js': [ '5.3.4' ],
55 silly audit   'framer-motion': [ '12.38.0' ],
55 silly audit   'function-bind': [ '1.1.2' ],
55 silly audit   'function.prototype.name': [ '1.1.8' ],
55 silly audit   'functions-have-names': [ '1.2.3' ],
55 silly audit   'generator-function': [ '2.0.1' ],
55 silly audit   'get-intrinsic': [ '1.3.0' ],
55 silly audit   'get-nonce': [ '1.0.1' ],
55 silly audit   'get-proto': [ '1.0.1' ],
55 silly audit   'get-symbol-description': [ '1.1.0' ],
55 silly audit   'get-tsconfig': [ '4.14.0' ],
55 silly audit   globals: [ '14.0.0' ],
55 silly audit   globalthis: [ '1.0.4' ],
55 silly audit   gopd: [ '1.2.0' ],
55 silly audit   'graceful-fs': [ '4.2.11' ],
55 silly audit   'has-bigints': [ '1.1.0' ],
55 silly audit   'has-flag': [ '4.0.0' ],
55 silly audit   'has-property-descriptors': [ '1.0.2' ],
55 silly audit   'has-proto': [ '1.2.0' ],
55 silly audit   'has-symbols': [ '1.1.0' ],
55 silly audit   'has-tostringtag': [ '1.0.2' ],
55 silly audit   hasown: [ '2.0.3' ],
55 silly audit   'import-fresh': [ '3.3.1' ],
55 silly audit   imurmurhash: [ '0.1.4' ],
55 silly audit   'internal-slot': [ '1.1.0' ],
55 silly audit   'is-array-buffer': [ '3.0.5' ],
55 silly audit   'is-async-function': [ '2.1.1' ],
55 silly audit   'is-bigint': [ '1.1.0' ],
55 silly audit   'is-boolean-object': [ '1.2.2' ],
55 silly audit   'is-bun-module': [ '2.0.0' ],
55 silly audit   'is-callable': [ '1.2.7' ],
55 silly audit   'is-core-module': [ '2.16.1' ],
55 silly audit   'is-data-view': [ '1.0.2' ],
55 silly audit   'is-date-object': [ '1.1.0' ],
55 silly audit   'is-extglob': [ '2.1.1' ],
55 silly audit   'is-finalizationregistry': [ '1.1.1' ],
55 silly audit   'is-generator-function': [ '1.1.2' ],
55 silly audit   'is-glob': [ '4.0.3' ],
55 silly audit   'is-map': [ '2.0.3' ],
55 silly audit   'is-negative-zero': [ '2.0.3' ],
55 silly audit   'is-number': [ '7.0.0' ],
55 silly audit   'is-number-object': [ '1.1.1' ],
55 silly audit   'is-regex': [ '1.2.1' ],
55 silly audit   'is-set': [ '2.0.3' ],
55 silly audit   'is-shared-array-buffer': [ '1.0.4' ],
55 silly audit   'is-string': [ '1.1.1' ],
55 silly audit   'is-symbol': [ '1.1.1' ],
55 silly audit   'is-typed-array': [ '1.1.15' ],
55 silly audit   'is-weakmap': [ '2.0.2' ],
55 silly audit   'is-weakref': [ '1.1.1' ],
55 silly audit   'is-weakset': [ '2.0.4' ],
55 silly audit   isarray: [ '2.0.5' ],
55 silly audit   isexe: [ '2.0.0' ],
55 silly audit   'iterator.prototype': [ '1.1.5' ],
55 silly audit   'js-tokens': [ '4.0.0' ],
55 silly audit   'js-yaml': [ '4.1.1' ],
55 silly audit   'json-bigint': [ '1.0.0' ],
55 silly audit   'json-buffer': [ '3.0.1' ],
55 silly audit   'json-schema-traverse': [ '0.4.1' ],
55 silly audit   'json-stable-stringify-without-jsonify': [ '1.0.1' ],
55 silly audit   json5: [ '1.0.2' ],
55 silly audit   'jsx-ast-utils': [ '3.3.5' ],
55 silly audit   keyv: [ '4.5.4' ],
55 silly audit   'language-subtag-registry': [ '0.3.23' ],
55 silly audit   'language-tags': [ '1.0.9' ],
55 silly audit   levn: [ '0.4.1' ],
55 silly audit   lightningcss: [ '1.32.0' ],
55 silly audit   'lightningcss-android-arm64': [ '1.32.0' ],
55 silly audit   'lightningcss-darwin-arm64': [ '1.32.0' ],
55 silly audit   'lightningcss-darwin-x64': [ '1.32.0' ],
55 silly audit   'lightningcss-freebsd-x64': [ '1.32.0' ],
55 silly audit   'lightningcss-linux-arm-gnueabihf': [ '1.32.0' ],
55 silly audit   'lightningcss-linux-arm64-gnu': [ '1.32.0' ],
55 silly audit   'lightningcss-linux-arm64-musl': [ '1.32.0' ],
55 silly audit   'lightningcss-linux-x64-gnu': [ '1.32.0' ],
55 silly audit   'lightningcss-linux-x64-musl': [ '1.32.0' ],
55 silly audit   'lightningcss-win32-arm64-msvc': [ '1.32.0' ],
55 silly audit   'lightningcss-win32-x64-msvc': [ '1.32.0' ],
55 silly audit   'locate-path': [ '6.0.0' ],
55 silly audit   'lodash.merge': [ '4.6.2' ],
55 silly audit   'loose-envify': [ '1.4.0' ],
55 silly audit   'lucide-react': [ '0.542.0' ],
55 silly audit   'magic-string': [ '0.30.21' ],
55 silly audit   'math-intrinsics': [ '1.1.0' ],
55 silly audit   merge2: [ '1.4.1' ],
55 silly audit   micromatch: [ '4.0.8' ],
55 silly audit   minimist: [ '1.2.8' ],
55 silly audit   'motion-dom': [ '12.38.0' ],
55 silly audit   'motion-utils': [ '12.36.0' ],
55 silly audit   ms: [ '2.1.3' ],
55 silly audit   nanoid: [ '3.3.11' ],
55 silly audit   'napi-postinstall': [ '0.3.4' ],
55 silly audit   'natural-compare': [ '1.4.0' ],
55 silly audit   next: [ '16.2.4' ],
55 silly audit   postcss: [ '8.4.31', '8.5.10' ],
55 silly audit   'node-exports-info': [ '1.6.0' ],
55 silly audit   'node-releases': [ '2.0.37' ],
55 silly audit   'object-assign': [ '4.1.1' ],
55 silly audit   'object-inspect': [ '1.13.4' ],
55 silly audit   'object-keys': [ '1.1.1' ],
55 silly audit   'object.assign': [ '4.1.7' ],
55 silly audit   'object.entries': [ '1.1.9' ],
55 silly audit   'object.fromentries': [ '2.0.8' ],
55 silly audit   'object.groupby': [ '1.0.3' ],
55 silly audit   'object.values': [ '1.2.1' ],
55 silly audit   optionator: [ '0.9.4' ],
55 silly audit   'own-keys': [ '1.0.1' ],
55 silly audit   'p-limit': [ '3.1.0' ],
55 silly audit   'p-locate': [ '5.0.0' ],
55 silly audit   'parent-module': [ '1.0.1' ],
55 silly audit   'path-exists': [ '4.0.0' ],
55 silly audit   'path-key': [ '3.1.1' ],
55 silly audit   'path-parse': [ '1.0.7' ],
55 silly audit   picocolors: [ '1.1.1' ],
55 silly audit   picomatch: [ '2.3.2', '4.0.4' ],
55 silly audit   'possible-typed-array-names': [ '1.1.0' ],
55 silly audit   resolve: [ '2.0.0-next.6' ],
55 silly audit   'postcss-value-parser': [ '4.2.0' ],
55 silly audit   'prelude-ls': [ '1.2.1' ],
55 silly audit   'prop-types': [ '15.8.1' ],
55 silly audit   punycode: [ '2.3.1' ],
55 silly audit   'queue-microtask': [ '1.2.3' ],
55 silly audit   react: [ '19.1.0' ],
55 silly audit   'react-dom': [ '19.1.0' ],
55 silly audit   'react-icons': [ '5.6.0' ],
55 silly audit   'react-is': [ '16.13.1' ],
55 silly audit   'react-remove-scroll': [ '2.7.2' ],
55 silly audit   'react-remove-scroll-bar': [ '2.3.8' ],
55 silly audit   'react-style-singleton': [ '2.2.3' ],
55 silly audit   'reflect.getprototypeof': [ '1.0.10' ],
55 silly audit   'regexp.prototype.flags': [ '1.5.4' ],
55 silly audit   'resolve-from': [ '4.0.0' ],
55 silly audit   'resolve-pkg-maps': [ '1.0.0' ],
55 silly audit   reusify: [ '1.1.0' ],
55 silly audit   'run-parallel': [ '1.2.0' ],
55 silly audit   'safe-array-concat': [ '1.1.3' ],
55 silly audit   'safe-push-apply': [ '1.0.0' ],
55 silly audit   'safe-regex-test': [ '1.1.0' ],
55 silly audit   scheduler: [ '0.26.0' ],
55 silly audit   'set-function-length': [ '1.2.2' ],
55 silly audit   'set-function-name': [ '2.0.2' ],
55 silly audit   'set-proto': [ '1.0.0' ],
55 silly audit   sharp: [ '0.34.5' ],
55 silly audit   'shebang-command': [ '2.0.0' ],
55 silly audit   'shebang-regex': [ '3.0.0' ],
55 silly audit   'side-channel': [ '1.1.0' ],
55 silly audit   'side-channel-list': [ '1.0.1' ],
55 silly audit   'side-channel-map': [ '1.0.1' ],
55 silly audit   'side-channel-weakmap': [ '1.0.2' ],
55 silly audit   'source-map-js': [ '1.2.1' ],
55 silly audit   'stable-hash': [ '0.0.5' ],
55 silly audit   'stop-iteration-iterator': [ '1.1.0' ],
55 silly audit   'string.prototype.includes': [ '2.0.1' ],
55 silly audit   'string.prototype.matchall': [ '4.0.12' ],
55 silly audit   'string.prototype.repeat': [ '1.0.0' ],
55 silly audit   'string.prototype.trim': [ '1.2.10' ],
55 silly audit   'string.prototype.trimend': [ '1.0.9' ],
55 silly audit   'string.prototype.trimstart': [ '1.0.8' ],
55 silly audit   'strip-bom': [ '3.0.0' ],
55 silly audit   'strip-json-comments': [ '3.1.1' ],
55 silly audit   'styled-jsx': [ '5.1.6' ],
55 silly audit   'supports-color': [ '7.2.0' ],
55 silly audit   'supports-preserve-symlinks-flag': [ '1.0.0' ],
55 silly audit   swiper: [ '12.1.3' ],
55 silly audit   'tailwind-merge': [ '3.5.0' ],
55 silly audit   tapable: [ '2.3.2' ],
55 silly audit   tinyglobby: [ '0.2.16' ],
55 silly audit   fdir: [ '6.5.0' ],
55 silly audit   'to-regex-range': [ '5.0.1' ],
55 silly audit   'ts-api-utils': [ '2.5.0' ],
55 silly audit   'tsconfig-paths': [ '3.15.0' ],
55 silly audit   tslib: [ '2.8.1' ],
55 silly audit   'tw-animate-css': [ '1.4.0' ],
55 silly audit   'type-check': [ '0.4.0' ],
55 silly audit   'typed-array-buffer': [ '1.0.3' ],
55 silly audit   'typed-array-byte-length': [ '1.0.3' ],
55 silly audit   'typed-array-byte-offset': [ '1.0.4' ],
55 silly audit   'typed-array-length': [ '1.0.7' ],
55 silly audit   typescript: [ '5.9.3' ],
55 silly audit   'unbox-primitive': [ '1.1.0' ],
55 silly audit   'undici-types': [ '6.21.0' ],
55 silly audit   'unrs-resolver': [ '1.11.1' ],
55 silly audit   'update-browserslist-db': [ '1.2.3' ],
55 silly audit   'uri-js': [ '4.4.1' ],
55 silly audit   'use-callback-ref': [ '1.3.3' ],
55 silly audit   'use-sidecar': [ '1.1.3' ],
55 silly audit   which: [ '2.0.2' ],
55 silly audit   'which-boxed-primitive': [ '1.1.1' ],
55 silly audit   'which-builtin-type': [ '1.2.1' ],
55 silly audit   'which-collection': [ '1.0.2' ],
55 silly audit   'which-typed-array': [ '1.1.20' ],
55 silly audit   'word-wrap': [ '1.2.5' ],
55 silly audit   'yet-another-react-lightbox': [ '3.31.0' ],
55 silly audit   'yocto-queue': [ '0.1.0' ],
55 silly audit   '@tailwindcss/oxide-wasm32-wasi': [ '4.2.2' ]
55 silly audit }
56 verbose reify failed optional dependency /Users/joerey/joerey-site/node_modules/lightningcss-win32-x64-msvc
57 silly reify mark deleted [
57 silly reify   '/Users/joerey/joerey-site/node_modules/lightningcss-win32-x64-msvc'
57 silly reify ]
58 verbose reify failed optional dependency /Users/joerey/joerey-site/node_modules/lightningcss-win32-arm64-msvc
59 silly reify mark deleted [
59 silly reify   '/Users/joerey/joerey-site/node_modules/lightningcss-win32-arm64-msvc'
59 silly reify ]
60 verbose reify failed optional dependency /Users/joerey/joerey-site/node_modules/lightningcss-linux-x64-musl
61 silly reify mark deleted [
61 silly reify   '/Users/joerey/joerey-site/node_modules/lightningcss-linux-x64-musl'
61 silly reify ]
62 verbose reify failed optional dependency /Users/joerey/joerey-site/node_modules/lightningcss-linux-x64-gnu
63 silly reify mark deleted [ '/Users/joerey/joerey-site/node_modules/lightningcss-linux-x64-gnu' ]
64 verbose reify failed optional dependency /Users/joerey/joerey-site/node_modules/lightningcss-linux-arm64-musl
65 silly reify mark deleted [
65 silly reify   '/Users/joerey/joerey-site/node_modules/lightningcss-linux-arm64-musl'
65 silly reify ]
66 verbose reify failed optional dependency /Users/joerey/joerey-site/node_modules/lightningcss-linux-arm64-gnu
67 silly reify mark deleted [
67 silly reify   '/Users/joerey/joerey-site/node_modules/lightningcss-linux-arm64-gnu'
67 silly reify ]
68 verbose reify failed optional dependency /Users/joerey/joerey-site/node_modules/lightningcss-linux-arm-gnueabihf
69 silly reify mark deleted [
69 silly reify   '/Users/joerey/joerey-site/node_modules/lightningcss-linux-arm-gnueabihf'
69 silly reify ]
70 verbose reify failed optional dependency /Users/joerey/joerey-site/node_modules/lightningcss-freebsd-x64
71 silly reify mark deleted [ '/Users/joerey/joerey-site/node_modules/lightningcss-freebsd-x64' ]
72 verbose reify failed optional dependency /Users/joerey/joerey-site/node_modules/lightningcss-darwin-x64
73 silly reify mark deleted [ '/Users/joerey/joerey-site/node_modules/lightningcss-darwin-x64' ]
74 verbose reify failed optional dependency /Users/joerey/joerey-site/node_modules/lightningcss-android-arm64
75 silly reify mark deleted [ '/Users/joerey/joerey-site/node_modules/lightningcss-android-arm64' ]
76 verbose reify failed optional dependency /Users/joerey/joerey-site/node_modules/@unrs/resolver-binding-win32-x64-msvc
77 silly reify mark deleted [
77 silly reify   '/Users/joerey/joerey-site/node_modules/@unrs/resolver-binding-win32-x64-msvc'
77 silly reify ]
78 verbose reify failed optional dependency /Users/joerey/joerey-site/node_modules/@unrs/resolver-binding-win32-ia32-msvc
79 silly reify mark deleted [
79 silly reify   '/Users/joerey/joerey-site/node_modules/@unrs/resolver-binding-win32-ia32-msvc'
79 silly reify ]
80 verbose reify failed optional dependency /Users/joerey/joerey-site/node_modules/@unrs/resolver-binding-win32-arm64-msvc
81 silly reify mark deleted [
81 silly reify   '/Users/joerey/joerey-site/node_modules/@unrs/resolver-binding-win32-arm64-msvc'
81 silly reify ]
82 verbose reify failed optional dependency /Users/joerey/joerey-site/node_modules/@unrs/resolver-binding-wasm32-wasi
83 silly reify mark deleted [
83 silly reify   '/Users/joerey/joerey-site/node_modules/@unrs/resolver-binding-wasm32-wasi'
83 silly reify ]
84 verbose reify failed optional dependency /Users/joerey/joerey-site/node_modules/@unrs/resolver-binding-linux-x64-musl
85 silly reify mark deleted [
85 silly reify   '/Users/joerey/joerey-site/node_modules/@unrs/resolver-binding-linux-x64-musl'
85 silly reify ]
86 verbose reify failed optional dependency /Users/joerey/joerey-site/node_modules/@unrs/resolver-binding-linux-x64-gnu
87 silly reify mark deleted [
87 silly reify   '/Users/joerey/joerey-site/node_modules/@unrs/resolver-binding-linux-x64-gnu'
87 silly reify ]
88 verbose reify failed optional dependency /Users/joerey/joerey-site/node_modules/@unrs/resolver-binding-linux-s390x-gnu
89 silly reify mark deleted [
89 silly reify   '/Users/joerey/joerey-site/node_modules/@unrs/resolver-binding-linux-s390x-gnu'
89 silly reify ]
90 verbose reify failed optional dependency /Users/joerey/joerey-site/node_modules/@unrs/resolver-binding-linux-riscv64-musl
91 silly reify mark deleted [
91 silly reify   '/Users/joerey/joerey-site/node_modules/@unrs/resolver-binding-linux-riscv64-musl'
91 silly reify ]
92 verbose reify failed optional dependency /Users/joerey/joerey-site/node_modules/@unrs/resolver-binding-linux-riscv64-gnu
93 silly reify mark deleted [
93 silly reify   '/Users/joerey/joerey-site/node_modules/@unrs/resolver-binding-linux-riscv64-gnu'
93 silly reify ]
94 verbose reify failed optional dependency /Users/joerey/joerey-site/node_modules/@unrs/resolver-binding-linux-ppc64-gnu
95 silly reify mark deleted [
95 silly reify   '/Users/joerey/joerey-site/node_modules/@unrs/resolver-binding-linux-ppc64-gnu'
95 silly reify ]
96 verbose reify failed optional dependency /Users/joerey/joerey-site/node_modules/@unrs/resolver-binding-linux-arm64-musl
97 silly reify mark deleted [
97 silly reify   '/Users/joerey/joerey-site/node_modules/@unrs/resolver-binding-linux-arm64-musl'
97 silly reify ]
98 verbose reify failed optional dependency /Users/joerey/joerey-site/node_modules/@unrs/resolver-binding-linux-arm64-gnu
99 silly reify mark deleted [
99 silly reify   '/Users/joerey/joerey-site/node_modules/@unrs/resolver-binding-linux-arm64-gnu'
99 silly reify ]
100 verbose reify failed optional dependency /Users/joerey/joerey-site/node_modules/@unrs/resolver-binding-linux-arm-musleabihf
101 silly reify mark deleted [
101 silly reify   '/Users/joerey/joerey-site/node_modules/@unrs/resolver-binding-linux-arm-musleabihf'
101 silly reify ]
102 verbose reify failed optional dependency /Users/joerey/joerey-site/node_modules/@unrs/resolver-binding-linux-arm-gnueabihf
103 silly reify mark deleted [
103 silly reify   '/Users/joerey/joerey-site/node_modules/@unrs/resolver-binding-linux-arm-gnueabihf'
103 silly reify ]
104 verbose reify failed optional dependency /Users/joerey/joerey-site/node_modules/@unrs/resolver-binding-freebsd-x64
105 silly reify mark deleted [
105 silly reify   '/Users/joerey/joerey-site/node_modules/@unrs/resolver-binding-freebsd-x64'
105 silly reify ]
106 verbose reify failed optional dependency /Users/joerey/joerey-site/node_modules/@unrs/resolver-binding-darwin-x64
107 silly reify mark deleted [
107 silly reify   '/Users/joerey/joerey-site/node_modules/@unrs/resolver-binding-darwin-x64'
107 silly reify ]
108 verbose reify failed optional dependency /Users/joerey/joerey-site/node_modules/@unrs/resolver-binding-android-arm64
109 silly reify mark deleted [
109 silly reify   '/Users/joerey/joerey-site/node_modules/@unrs/resolver-binding-android-arm64'
109 silly reify ]
110 verbose reify failed optional dependency /Users/joerey/joerey-site/node_modules/@unrs/resolver-binding-android-arm-eabi
111 silly reify mark deleted [
111 silly reify   '/Users/joerey/joerey-site/node_modules/@unrs/resolver-binding-android-arm-eabi'
111 silly reify ]
112 verbose reify failed optional dependency /Users/joerey/joerey-site/node_modules/@tailwindcss/oxide-win32-x64-msvc
113 silly reify mark deleted [
113 silly reify   '/Users/joerey/joerey-site/node_modules/@tailwindcss/oxide-win32-x64-msvc'
113 silly reify ]
114 verbose reify failed optional dependency /Users/joerey/joerey-site/node_modules/@tailwindcss/oxide-win32-arm64-msvc
115 silly reify mark deleted [
115 silly reify   '/Users/joerey/joerey-site/node_modules/@tailwindcss/oxide-win32-arm64-msvc'
115 silly reify ]
116 verbose reify failed optional dependency /Users/joerey/joerey-site/node_modules/@tailwindcss/oxide-linux-x64-musl
117 silly reify mark deleted [
117 silly reify   '/Users/joerey/joerey-site/node_modules/@tailwindcss/oxide-linux-x64-musl'
117 silly reify ]
118 verbose reify failed optional dependency /Users/joerey/joerey-site/node_modules/@tailwindcss/oxide-linux-x64-gnu
119 silly reify mark deleted [
119 silly reify   '/Users/joerey/joerey-site/node_modules/@tailwindcss/oxide-linux-x64-gnu'
119 silly reify ]
120 verbose reify failed optional dependency /Users/joerey/joerey-site/node_modules/@tailwindcss/oxide-linux-arm64-musl
121 silly reify mark deleted [
121 silly reify   '/Users/joerey/joerey-site/node_modules/@tailwindcss/oxide-linux-arm64-musl'
121 silly reify ]
122 verbose reify failed optional dependency /Users/joerey/joerey-site/node_modules/@tailwindcss/oxide-linux-arm64-gnu
123 silly reify mark deleted [
123 silly reify   '/Users/joerey/joerey-site/node_modules/@tailwindcss/oxide-linux-arm64-gnu'
123 silly reify ]
124 verbose reify failed optional dependency /Users/joerey/joerey-site/node_modules/@tailwindcss/oxide-linux-arm-gnueabihf
125 silly reify mark deleted [
125 silly reify   '/Users/joerey/joerey-site/node_modules/@tailwindcss/oxide-linux-arm-gnueabihf'
125 silly reify ]
126 verbose reify failed optional dependency /Users/joerey/joerey-site/node_modules/@tailwindcss/oxide-freebsd-x64
127 silly reify mark deleted [
127 silly reify   '/Users/joerey/joerey-site/node_modules/@tailwindcss/oxide-freebsd-x64'
127 silly reify ]
128 verbose reify failed optional dependency /Users/joerey/joerey-site/node_modules/@tailwindcss/oxide-darwin-x64
129 silly reify mark deleted [
129 silly reify   '/Users/joerey/joerey-site/node_modules/@tailwindcss/oxide-darwin-x64'
129 silly reify ]
130 verbose reify failed optional dependency /Users/joerey/joerey-site/node_modules/@tailwindcss/oxide-android-arm64
131 silly reify mark deleted [
131 silly reify   '/Users/joerey/joerey-site/node_modules/@tailwindcss/oxide-android-arm64'
131 silly reify ]
132 verbose reify failed optional dependency /Users/joerey/joerey-site/node_modules/@next/swc-win32-x64-msvc
133 silly reify mark deleted [ '/Users/joerey/joerey-site/node_modules/@next/swc-win32-x64-msvc' ]
134 verbose reify failed optional dependency /Users/joerey/joerey-site/node_modules/@next/swc-win32-arm64-msvc
135 silly reify mark deleted [ '/Users/joerey/joerey-site/node_modules/@next/swc-win32-arm64-msvc' ]
136 verbose reify failed optional dependency /Users/joerey/joerey-site/node_modules/@next/swc-linux-x64-musl
137 silly reify mark deleted [ '/Users/joerey/joerey-site/node_modules/@next/swc-linux-x64-musl' ]
138 verbose reify failed optional dependency /Users/joerey/joerey-site/node_modules/@next/swc-linux-x64-gnu
139 silly reify mark deleted [ '/Users/joerey/joerey-site/node_modules/@next/swc-linux-x64-gnu' ]
140 verbose reify failed optional dependency /Users/joerey/joerey-site/node_modules/@next/swc-linux-arm64-musl
141 silly reify mark deleted [ '/Users/joerey/joerey-site/node_modules/@next/swc-linux-arm64-musl' ]
142 verbose reify failed optional dependency /Users/joerey/joerey-site/node_modules/@next/swc-linux-arm64-gnu
143 silly reify mark deleted [ '/Users/joerey/joerey-site/node_modules/@next/swc-linux-arm64-gnu' ]
144 verbose reify failed optional dependency /Users/joerey/joerey-site/node_modules/@next/swc-darwin-x64
145 silly reify mark deleted [ '/Users/joerey/joerey-site/node_modules/@next/swc-darwin-x64' ]
146 verbose reify failed optional dependency /Users/joerey/joerey-site/node_modules/@img/sharp-win32-x64
147 silly reify mark deleted [ '/Users/joerey/joerey-site/node_modules/@img/sharp-win32-x64' ]
148 verbose reify failed optional dependency /Users/joerey/joerey-site/node_modules/@img/sharp-win32-ia32
149 silly reify mark deleted [ '/Users/joerey/joerey-site/node_modules/@img/sharp-win32-ia32' ]
150 verbose reify failed optional dependency /Users/joerey/joerey-site/node_modules/@img/sharp-win32-arm64
151 silly reify mark deleted [ '/Users/joerey/joerey-site/node_modules/@img/sharp-win32-arm64' ]
152 verbose reify failed optional dependency /Users/joerey/joerey-site/node_modules/@img/sharp-wasm32
153 silly reify mark deleted [ '/Users/joerey/joerey-site/node_modules/@img/sharp-wasm32' ]
154 verbose reify failed optional dependency /Users/joerey/joerey-site/node_modules/@img/sharp-linuxmusl-x64
155 silly reify mark deleted [ '/Users/joerey/joerey-site/node_modules/@img/sharp-linuxmusl-x64' ]
156 verbose reify failed optional dependency /Users/joerey/joerey-site/node_modules/@img/sharp-linuxmusl-arm64
157 silly reify mark deleted [ '/Users/joerey/joerey-site/node_modules/@img/sharp-linuxmusl-arm64' ]
158 verbose reify failed optional dependency /Users/joerey/joerey-site/node_modules/@img/sharp-linux-x64
159 silly reify mark deleted [ '/Users/joerey/joerey-site/node_modules/@img/sharp-linux-x64' ]
160 verbose reify failed optional dependency /Users/joerey/joerey-site/node_modules/@img/sharp-linux-s390x
161 silly reify mark deleted [ '/Users/joerey/joerey-site/node_modules/@img/sharp-linux-s390x' ]
162 verbose reify failed optional dependency /Users/joerey/joerey-site/node_modules/@img/sharp-linux-riscv64
163 silly reify mark deleted [ '/Users/joerey/joerey-site/node_modules/@img/sharp-linux-riscv64' ]
164 verbose reify failed optional dependency /Users/joerey/joerey-site/node_modules/@img/sharp-linux-ppc64
165 silly reify mark deleted [ '/Users/joerey/joerey-site/node_modules/@img/sharp-linux-ppc64' ]
166 verbose reify failed optional dependency /Users/joerey/joerey-site/node_modules/@img/sharp-linux-arm64
167 silly reify mark deleted [ '/Users/joerey/joerey-site/node_modules/@img/sharp-linux-arm64' ]
168 verbose reify failed optional dependency /Users/joerey/joerey-site/node_modules/@img/sharp-linux-arm
169 silly reify mark deleted [ '/Users/joerey/joerey-site/node_modules/@img/sharp-linux-arm' ]
170 verbose reify failed optional dependency /Users/joerey/joerey-site/node_modules/@img/sharp-libvips-linuxmusl-x64
171 silly reify mark deleted [
171 silly reify   '/Users/joerey/joerey-site/node_modules/@img/sharp-libvips-linuxmusl-x64'
171 silly reify ]
172 verbose reify failed optional dependency /Users/joerey/joerey-site/node_modules/@img/sharp-libvips-linuxmusl-arm64
173 silly reify mark deleted [
173 silly reify   '/Users/joerey/joerey-site/node_modules/@img/sharp-libvips-linuxmusl-arm64'
173 silly reify ]
174 verbose reify failed optional dependency /Users/joerey/joerey-site/node_modules/@img/sharp-libvips-linux-x64
175 silly reify mark deleted [
175 silly reify   '/Users/joerey/joerey-site/node_modules/@img/sharp-libvips-linux-x64'
175 silly reify ]
176 verbose reify failed optional dependency /Users/joerey/joerey-site/node_modules/@img/sharp-libvips-linux-s390x
177 silly reify mark deleted [
177 silly reify   '/Users/joerey/joerey-site/node_modules/@img/sharp-libvips-linux-s390x'
177 silly reify ]
178 verbose reify failed optional dependency /Users/joerey/joerey-site/node_modules/@img/sharp-libvips-linux-riscv64
179 silly reify mark deleted [
179 silly reify   '/Users/joerey/joerey-site/node_modules/@img/sharp-libvips-linux-riscv64'
179 silly reify ]
180 verbose reify failed optional dependency /Users/joerey/joerey-site/node_modules/@img/sharp-libvips-linux-ppc64
181 silly reify mark deleted [
181 silly reify   '/Users/joerey/joerey-site/node_modules/@img/sharp-libvips-linux-ppc64'
181 silly reify ]
182 verbose reify failed optional dependency /Users/joerey/joerey-site/node_modules/@img/sharp-libvips-linux-arm64
183 silly reify mark deleted [
183 silly reify   '/Users/joerey/joerey-site/node_modules/@img/sharp-libvips-linux-arm64'
183 silly reify ]
184 verbose reify failed optional dependency /Users/joerey/joerey-site/node_modules/@img/sharp-libvips-linux-arm
185 silly reify mark deleted [
185 silly reify   '/Users/joerey/joerey-site/node_modules/@img/sharp-libvips-linux-arm'
185 silly reify ]
186 verbose reify failed optional dependency /Users/joerey/joerey-site/node_modules/@img/sharp-libvips-darwin-x64
187 silly reify mark deleted [
187 silly reify   '/Users/joerey/joerey-site/node_modules/@img/sharp-libvips-darwin-x64'
187 silly reify ]
188 verbose reify failed optional dependency /Users/joerey/joerey-site/node_modules/@img/sharp-darwin-x64
189 silly reify mark deleted [ '/Users/joerey/joerey-site/node_modules/@img/sharp-darwin-x64' ]
190 http cache tailwindcss@https://registry.npmjs.org/tailwindcss/-/tailwindcss-4.0.0.tgz 0ms (cache hit)
191 silly tarball no local data for tailwindcss@https://registry.npmjs.org/tailwindcss/-/tailwindcss-4.0.0.tgz. Extracting by manifest.
192 http fetch GET 200 https://registry.npmjs.org/tailwindcss/-/tailwindcss-4.0.0.tgz 48ms (cache miss)
193 http fetch POST 200 https://registry.npmjs.org/-/npm/v1/security/advisories/bulk 178ms
194 silly audit report {}
195 silly ADD
196 silly ADD
197 silly ADD
198 silly ADD
199 silly ADD
200 silly ADD
201 silly ADD
202 silly ADD
203 silly ADD
204 silly ADD
205 silly ADD
206 silly ADD
207 silly ADD
208 silly ADD
209 silly ADD
210 silly ADD
211 silly ADD
212 silly ADD
213 silly ADD
214 silly ADD
215 silly ADD
216 silly ADD
217 silly ADD
218 silly ADD
219 silly ADD
220 silly ADD
221 silly ADD
222 silly ADD
223 silly ADD
224 silly ADD
225 silly ADD
226 silly ADD
227 silly ADD
228 silly ADD
229 silly ADD
230 silly ADD
231 silly ADD
232 silly ADD
233 silly ADD
234 silly ADD
235 silly ADD
236 silly ADD
237 silly ADD
238 silly ADD
239 silly ADD
240 silly ADD
241 silly ADD
242 silly ADD
243 silly ADD
244 silly ADD
245 silly ADD
246 silly ADD
247 silly ADD
248 silly ADD
249 silly ADD
250 silly ADD
251 silly ADD
252 silly ADD
253 silly ADD
254 silly ADD
255 silly ADD
256 silly ADD
257 silly ADD
258 silly ADD
259 silly ADD
260 silly ADD
261 silly ADD
262 silly ADD
263 silly REMOVE node_modules/util-deprecate
264 silly REMOVE node_modules/ts-interface-checker
265 silly REMOVE node_modules/thenify-all
266 silly REMOVE node_modules/thenify
267 silly CHANGE node_modules/tailwindcss
268 silly REMOVE node_modules/tailwindcss/node_modules/resolve
269 silly REMOVE node_modules/tailwindcss/node_modules/fast-glob
270 silly REMOVE node_modules/tailwindcss/node_modules/fast-glob/node_modules/glob-parent
271 silly REMOVE node_modules/sucrase
272 silly REMOVE node_modules/readdirp
273 silly REMOVE node_modules/read-cache
274 silly REMOVE node_modules/postcss-selector-parser
275 silly REMOVE node_modules/postcss-nested
276 silly REMOVE node_modules/postcss-load-config
277 silly REMOVE node_modules/postcss-js
278 silly REMOVE node_modules/postcss-import
279 silly REMOVE node_modules/postcss-import/node_modules/resolve
280 silly REMOVE node_modules/pirates
281 silly REMOVE node_modules/pify
282 silly REMOVE node_modules/object-hash
283 silly REMOVE node_modules/normalize-path
284 silly REMOVE node_modules/mz
285 silly REMOVE node_modules/lines-and-columns
286 silly REMOVE node_modules/lilconfig
287 silly REMOVE node_modules/is-binary-path
288 silly REMOVE node_modules/fsevents
289 silly REMOVE node_modules/dlv
290 silly REMOVE node_modules/didyoumean
291 silly REMOVE node_modules/cssesc
292 silly REMOVE node_modules/commander
293 silly REMOVE node_modules/chokidar
294 silly REMOVE node_modules/chokidar/node_modules/glob-parent
295 silly REMOVE node_modules/camelcase-css
296 silly REMOVE node_modules/binary-extensions
297 silly REMOVE node_modules/arg
298 silly REMOVE node_modules/anymatch
299 silly REMOVE node_modules/any-promise
300 verbose cwd /Users/joerey/joerey-site
301 verbose os Darwin 25.4.0
302 verbose node v22.19.0
303 verbose npm  v10.9.3
304 notice
304 notice New [31mmajor[39m version of npm available! [31m10.9.3[39m -> [34m11.12.1[39m
304 notice Changelog: [34mhttps://github.com/npm/cli/releases/tag/v11.12.1[39m
304 notice To update run: [4mnpm install -g npm@11.12.1[24m
304 notice  { force: true, [Symbol(proc-log.meta)]: true }
305 verbose exit 0
306 info ok
